#
# There is insufficient memory for the Java Runtime Environment to continue.
# Native memory allocation (malloc) failed to allocate 207776 bytes. Error detail: Chunk::new
# Possible reasons:
#   The system is out of physical RAM or swap space
#   This process is running with CompressedOops enabled, and the Java Heap may be blocking the growth of the native heap
# Possible solutions:
#   Reduce memory load on the system
#   Increase physical memory or swap space
#   Check if swap backing store is full
#   Decrease Java heap size (-Xmx/-Xms)
#   Decrease number of Java threads
#   Decrease Java thread stack sizes (-Xss)
#   Set larger code cache with -XX:ReservedCodeCacheSize=
#   JVM is running with Unscaled Compressed Oops mode in which the Java heap is
#     placed in the first 4GB address space. The Java Heap base address is the
#     maximum limit for the native heap growth. Please use -XX:HeapBaseMinAddress
#     to set the Java Heap base and to place the Java Heap above 4GB virtual address.
# This output file may be truncated or incomplete.
#
#  Out of Memory Error (arena.cpp:149), pid=6924, tid=7152
#
# JRE version: Java(TM) SE Runtime Environment (23.0.1+11) (build 23.0.1+11-39)
# Java VM: Java HotSpot(TM) 64-Bit Server VM (23.0.1+11-39, mixed mode, tiered, compressed oops, compressed class ptrs, g1 gc, windows-amd64)
# No core dump will be written. Minidumps are not enabled by default on client versions of Windows
#

---------------  S U M M A R Y ------------

Command Line: target\bilhetes-0.0.1-SNAPSHOT.jar

Host: Intel(R) Core(TM) i7-5500U CPU @ 2.40GHz, 4 cores, 1G,  Windows 10 , 64 bit Build 18362 (10.0.18362.86)
Time: Sat Sep 19 21:02:42 2026 Hora oficial do Brasil elapsed time: 0.565078 seconds (0d 0h 0m 0s)

---------------  T H R E A D  ---------------

Current thread (0x0000014d002538f0):  JavaThread "C2 CompilerThread0" daemon [_thread_in_native, id=7152, stack(0x0000002e69e00000,0x0000002e69f00000) (1024K)]


Current CompileTask:
C2:565  627 %     4       org.springframework.boot.loader.zip.ZipString::hash @ 70 (255 bytes)

Stack: [0x0000002e69e00000,0x0000002e69f00000]
Native frames: (J=compiled Java code, j=interpreted, Vv=VM code, C=native code)
V  [jvm.dll+0x6e08b9]  (no source info available)
V  [jvm.dll+0x87dc83]  (no source info available)
V  [jvm.dll+0x88010e]  (no source info available)
V  [jvm.dll+0x8807e3]  (no source info available)
V  [jvm.dll+0x27aee6]  (no source info available)
V  [jvm.dll+0xbc06f]  (no source info available)
V  [jvm.dll+0xbc2cb]  (no source info available)
V  [jvm.dll+0x2ee94d]  (no source info available)
V  [jvm.dll+0x6063d9]  (no source info available)
V  [jvm.dll+0x24ddf2]  (no source info available)
V  [jvm.dll+0x24671d]  (no source info available)
V  [jvm.dll+0x243d04]  (no source info available)
V  [jvm.dll+0x1c33a0]  (no source info available)
V  [jvm.dll+0x253cf1]  (no source info available)
V  [jvm.dll+0x251faa]  (no source info available)
V  [jvm.dll+0x3ee036]  (no source info available)
V  [jvm.dll+0x824f8b]  (no source info available)
V  [jvm.dll+0x6df065]  (no source info available)
C  [ucrtbase.dll+0x1d912]  (no source info available)
C  [KERNEL32.DLL+0x17bd4]  (no source info available)
C  [ntdll.dll+0x6ce71]  (no source info available)

Lock stack of current Java thread (top to bottom):


---------------  P R O C E S S  ---------------

Threads class SMR info:
_java_thread_list=0x0000014d00609fe0, length=12, elements={
0x0000014d65a995e0, 0x0000014d00218070, 0x0000014d00218ad0, 0x0000014d00225850,
0x0000014d002262b0, 0x0000014d002236c0, 0x0000014d00250e80, 0x0000014d002538f0,
0x0000014d002563b0, 0x0000014d003f7020, 0x0000014d003fd2d0, 0x0000014d0053d9e0
}

Java Threads: ( => current thread )
  0x0000014d65a995e0 JavaThread "main"                              [_thread_in_vm, id=9560, stack(0x0000002e69000000,0x0000002e69100000) (1024K)]
  0x0000014d00218070 JavaThread "Reference Handler"          daemon [_thread_blocked, id=4560, stack(0x0000002e69800000,0x0000002e69900000) (1024K)]
  0x0000014d00218ad0 JavaThread "Finalizer"                  daemon [_thread_blocked, id=9220, stack(0x0000002e69900000,0x0000002e69a00000) (1024K)]
  0x0000014d00225850 JavaThread "Signal Dispatcher"          daemon [_thread_blocked, id=9228, stack(0x0000002e69a00000,0x0000002e69b00000) (1024K)]
  0x0000014d002262b0 JavaThread "Attach Listener"            daemon [_thread_blocked, id=3104, stack(0x0000002e69b00000,0x0000002e69c00000) (1024K)]
  0x0000014d002236c0 JavaThread "Service Thread"             daemon [_thread_blocked, id=6948, stack(0x0000002e69c00000,0x0000002e69d00000) (1024K)]
  0x0000014d00250e80 JavaThread "Monitor Deflation Thread"   daemon [_thread_blocked, id=9944, stack(0x0000002e69d00000,0x0000002e69e00000) (1024K)]
=>0x0000014d002538f0 JavaThread "C2 CompilerThread0"         daemon [_thread_in_native, id=7152, stack(0x0000002e69e00000,0x0000002e69f00000) (1024K)]
  0x0000014d002563b0 JavaThread "C1 CompilerThread0"         daemon [_thread_blocked, id=4104, stack(0x0000002e69f00000,0x0000002e6a000000) (1024K)]
  0x0000014d003f7020 JavaThread "Notification Thread"        daemon [_thread_blocked, id=9512, stack(0x0000002e6a000000,0x0000002e6a100000) (1024K)]
  0x0000014d003fd2d0 JavaThread "Common-Cleaner"             daemon [_thread_blocked, id=9412, stack(0x0000002e6a100000,0x0000002e6a200000) (1024K)]
  0x0000014d0053d9e0 JavaThread "Cleaner-0"                  daemon [_thread_blocked, id=5460, stack(0x0000002e6a200000,0x0000002e6a300000) (1024K)]
Total: 12

Other Threads:
  0x0000014d0018fcc0 VMThread "VM Thread"                           [id=3208, stack(0x0000002e69700000,0x0000002e69800000) (1024K)]
  0x0000014d0011c0d0 WatcherThread "VM Periodic Task Thread"        [id=10192, stack(0x0000002e69600000,0x0000002e69700000) (1024K)]
  0x0000014d65ac2a40 WorkerThread "GC Thread#0"                     [id=5696, stack(0x0000002e69100000,0x0000002e69200000) (1024K)]
  0x0000014d65ac8860 ConcurrentGCThread "G1 Main Marker"            [id=5296, stack(0x0000002e69200000,0x0000002e69300000) (1024K)]
  0x0000014d65ac9520 WorkerThread "G1 Conc#0"                       [id=2360, stack(0x0000002e69300000,0x0000002e69400000) (1024K)]
  0x0000014d65b49190 ConcurrentGCThread "G1 Refine#0"               [id=9680, stack(0x0000002e69400000,0x0000002e69500000) (1024K)]
  0x0000014d65b49d10 ConcurrentGCThread "G1 Service"                [id=8460, stack(0x0000002e69500000,0x0000002e69600000) (1024K)]
Total: 7

Threads with active compile tasks:
C2 CompilerThread0  715  627 %     4       org.springframework.boot.loader.zip.ZipString::hash @ 70 (255 bytes)
Total: 1

VM state: not at safepoint (normal execution)

VM Mutex/Monitor currently owned by a thread:  ([mutex/lock_event])
[0x00007ffd7ccd1890] Metaspace_lock - owner thread: 0x0000014d65a995e0

OutOfMemory and StackOverflow Exception counts:
OutOfMemoryError java_heap_errors=1
LinkageErrors=18

Heap address: 0x00000000e1200000, size: 494 MB, Compressed Oops mode: 32-bit

CDS archive(s) not mapped
Compressed class space mapped at: 0x0000000089000000-0x00000000c9000000, reserved size: 1073741824
Narrow klass base: 0x0000000000000000, Narrow klass shift: 0, Narrow klass range: 0xc9000000

GC Precious Log:
 CardTable entry size: 512
 Card Set container configuration: InlinePtr #cards 5 size 8 Array Of Cards #cards 10 size 36 Howl #buckets 4 coarsen threshold 1843 Howl Bitmap #cards 512 size 80 coarsen threshold 460 Card regions per heap region 1 cards per card region 2048
 CPUs: 4 total, 4 available
 Memory: 1975M
 Large Page Support: Disabled
 NUMA Support: Disabled
 Compressed Oops: Enabled (32-bit)
 Heap Region Size: 1M
 Heap Min Capacity: 8M
 Heap Initial Capacity: 32M
 Heap Max Capacity: 494M
 Pre-touch: Disabled
 Parallel Workers: 4
 Concurrent Workers: 1
 Concurrent Refinement Workers: 4
 Periodic GC: Disabled

Heap:
 garbage-first heap   total reserved 505856K, committed 32768K, used 6144K [0x00000000e1200000, 0x0000000100000000)
  region size 1024K, 7 young (7168K), 0 survivors (0K)
 Metaspace       used 9338K, committed 9600K, reserved 1114112K
  class space    used 854K, committed 1024K, reserved 1048576K

Heap Regions: E=young(eden), S=young(survivor), O=old, HS=humongous(starts), HC=humongous(continues), CS=collection set, F=free, TAMS=top-at-mark-start, PB=parsable bottom
|   0|0x00000000e1200000, 0x00000000e1200000, 0x00000000e1300000|  0%| F|  |TAMS 0x00000000e1200000| PB 0x00000000e1200000| Untracked |  0
|   1|0x00000000e1300000, 0x00000000e1300000, 0x00000000e1400000|  0%| F|  |TAMS 0x00000000e1300000| PB 0x00000000e1300000| Untracked |  0
|   2|0x00000000e1400000, 0x00000000e1400000, 0x00000000e1500000|  0%| F|  |TAMS 0x00000000e1400000| PB 0x00000000e1400000| Untracked |  0
|   3|0x00000000e1500000, 0x00000000e1500000, 0x00000000e1600000|  0%| F|  |TAMS 0x00000000e1500000| PB 0x00000000e1500000| Untracked |  0
|   4|0x00000000e1600000, 0x00000000e1600000, 0x00000000e1700000|  0%| F|  |TAMS 0x00000000e1600000| PB 0x00000000e1600000| Untracked |  0
|   5|0x00000000e1700000, 0x00000000e1700000, 0x00000000e1800000|  0%| F|  |TAMS 0x00000000e1700000| PB 0x00000000e1700000| Untracked |  0
|   6|0x00000000e1800000, 0x00000000e1800000, 0x00000000e1900000|  0%| F|  |TAMS 0x00000000e1800000| PB 0x00000000e1800000| Untracked |  0
|   7|0x00000000e1900000, 0x00000000e1900000, 0x00000000e1a00000|  0%| F|  |TAMS 0x00000000e1900000| PB 0x00000000e1900000| Untracked |  0
|   8|0x00000000e1a00000, 0x00000000e1a00000, 0x00000000e1b00000|  0%| F|  |TAMS 0x00000000e1a00000| PB 0x00000000e1a00000| Untracked |  0
|   9|0x00000000e1b00000, 0x00000000e1b00000, 0x00000000e1c00000|  0%| F|  |TAMS 0x00000000e1b00000| PB 0x00000000e1b00000| Untracked |  0
|  10|0x00000000e1c00000, 0x00000000e1c00000, 0x00000000e1d00000|  0%| F|  |TAMS 0x00000000e1c00000| PB 0x00000000e1c00000| Untracked |  0
|  11|0x00000000e1d00000, 0x00000000e1d00000, 0x00000000e1e00000|  0%| F|  |TAMS 0x00000000e1d00000| PB 0x00000000e1d00000| Untracked |  0
|  12|0x00000000e1e00000, 0x00000000e1e00000, 0x00000000e1f00000|  0%| F|  |TAMS 0x00000000e1e00000| PB 0x00000000e1e00000| Untracked |  0
|  13|0x00000000e1f00000, 0x00000000e1f00000, 0x00000000e2000000|  0%| F|  |TAMS 0x00000000e1f00000| PB 0x00000000e1f00000| Untracked |  0
|  14|0x00000000e2000000, 0x00000000e2000000, 0x00000000e2100000|  0%| F|  |TAMS 0x00000000e2000000| PB 0x00000000e2000000| Untracked |  0
|  15|0x00000000e2100000, 0x00000000e2100000, 0x00000000e2200000|  0%| F|  |TAMS 0x00000000e2100000| PB 0x00000000e2100000| Untracked |  0
|  16|0x00000000e2200000, 0x00000000e2200000, 0x00000000e2300000|  0%| F|  |TAMS 0x00000000e2200000| PB 0x00000000e2200000| Untracked |  0
|  17|0x00000000e2300000, 0x00000000e2300000, 0x00000000e2400000|  0%| F|  |TAMS 0x00000000e2300000| PB 0x00000000e2300000| Untracked |  0
|  18|0x00000000e2400000, 0x00000000e2400000, 0x00000000e2500000|  0%| F|  |TAMS 0x00000000e2400000| PB 0x00000000e2400000| Untracked |  0
|  19|0x00000000e2500000, 0x00000000e2500000, 0x00000000e2600000|  0%| F|  |TAMS 0x00000000e2500000| PB 0x00000000e2500000| Untracked |  0
|  20|0x00000000e2600000, 0x00000000e2600000, 0x00000000e2700000|  0%| F|  |TAMS 0x00000000e2600000| PB 0x00000000e2600000| Untracked |  0
|  21|0x00000000e2700000, 0x00000000e2700000, 0x00000000e2800000|  0%| F|  |TAMS 0x00000000e2700000| PB 0x00000000e2700000| Untracked |  0
|  22|0x00000000e2800000, 0x00000000e2800000, 0x00000000e2900000|  0%| F|  |TAMS 0x00000000e2800000| PB 0x00000000e2800000| Untracked |  0
|  23|0x00000000e2900000, 0x00000000e2900000, 0x00000000e2a00000|  0%| F|  |TAMS 0x00000000e2900000| PB 0x00000000e2900000| Untracked |  0
|  24|0x00000000e2a00000, 0x00000000e2a00000, 0x00000000e2b00000|  0%| F|  |TAMS 0x00000000e2a00000| PB 0x00000000e2a00000| Untracked |  0
|  25|0x00000000e2b00000, 0x00000000e2b47b18, 0x00000000e2c00000| 28%| E|  |TAMS 0x00000000e2b00000| PB 0x00000000e2b00000| Complete |  0
|  26|0x00000000e2c00000, 0x00000000e2d00000, 0x00000000e2d00000|100%| E|CS|TAMS 0x00000000e2c00000| PB 0x00000000e2c00000| Complete |  0
|  27|0x00000000e2d00000, 0x00000000e2e00000, 0x00000000e2e00000|100%| E|CS|TAMS 0x00000000e2d00000| PB 0x00000000e2d00000| Complete |  0
|  28|0x00000000e2e00000, 0x00000000e2f00000, 0x00000000e2f00000|100%| E|CS|TAMS 0x00000000e2e00000| PB 0x00000000e2e00000| Complete |  0
|  29|0x00000000e2f00000, 0x00000000e3000000, 0x00000000e3000000|100%| E|CS|TAMS 0x00000000e2f00000| PB 0x00000000e2f00000| Complete |  0
|  30|0x00000000e3000000, 0x00000000e3100000, 0x00000000e3100000|100%| E|CS|TAMS 0x00000000e3000000| PB 0x00000000e3000000| Complete |  0
|  31|0x00000000e3100000, 0x00000000e3200000, 0x00000000e3200000|100%| E|CS|TAMS 0x00000000e3100000| PB 0x00000000e3100000| Complete |  0

Card table byte_map: [0x0000014d7d1d0000,0x0000014d7d2d0000] _byte_map_base: 0x0000014d7cac7000

Marking Bits: (CMBitMap*) 0x0000014d65ac3150
 Bits: [0x0000014d7d2d0000, 0x0000014d7da88000)

Polling page: 0x0000014d65260000

Metaspace:

Usage:
  Non-class:      8.28 MB used.
      Class:    854.76 KB used.
       Both:      9.12 MB used.

Virtual space:
  Non-class space:       64.00 MB reserved,       8.38 MB ( 13%) committed,  1 nodes.
      Class space:        1.00 GB reserved,       1.00 MB ( <1%) committed,  1 nodes.
             Both:        1.06 GB reserved,       9.38 MB ( <1%) committed. 

Chunk freelists:
   Non-Class:  6.91 MB
       Class:  14.99 MB
        Both:  21.90 MB

MaxMetaspaceSize: unlimited
CompressedClassSpaceSize: 1.00 GB
Initial GC threshold: 21.00 MB
Current GC threshold: 21.00 MB
CDS: off
 - commit_granule_bytes: 65536.
 - commit_granule_words: 8192.
 - virtual_space_node_default_size: 8388608.
 - enlarge_chunks_in_place: 1.
 - use_allocation_guard: 0.


Internal statistics:

num_allocs_failed_limit: 0.
num_arena_births: 144.
num_arena_deaths: 0.
num_vsnodes_births: 2.
num_vsnodes_deaths: 0.
num_space_committed: 150.
num_space_uncommitted: 0.
num_chunks_returned_to_freelist: 0.
num_chunks_taken_from_freelist: 220.
num_chunk_merges: 0.
num_chunk_splits: 123.
num_chunks_enlarged: 54.
num_inconsistent_stats: 0.

CodeHeap 'non-profiled nmethods': size=120064Kb used=178Kb max_used=178Kb free=119885Kb
 bounds [0x0000014d75c90000, 0x0000014d75f00000, 0x0000014d7d1d0000]
CodeHeap 'profiled nmethods': size=120000Kb used=688Kb max_used=688Kb free=119311Kb
 bounds [0x0000014d6e1d0000, 0x0000014d6e440000, 0x0000014d75700000]
CodeHeap 'non-nmethods': size=5696Kb used=1327Kb max_used=1340Kb free=4368Kb
 bounds [0x0000014d75700000, 0x0000014d75970000, 0x0000014d75c90000]
CodeCache: size=245760Kb, used=2193Kb, max_used=2206Kb, free=243564Kb
 total_blobs=1095, nmethods=650, adapters=351, full_count=0
Compilation: enabled, stopped_count=0, restarted_count=0

Compilation events (20 events):
Event: 0.553 Thread 0x0000014d002563b0  631       3       java.lang.String::<init> (22 bytes)
Event: 0.554 Thread 0x0000014d002563b0 nmethod 631 0x0000014d6e276088 code [0x0000014d6e276200, 0x0000014d6e276640]
Event: 0.554 Thread 0x0000014d002563b0  634       3       java.lang.invoke.LambdaForm$BasicType::basicTypeSlots (8 bytes)
Event: 0.554 Thread 0x0000014d002563b0 nmethod 634 0x0000014d6e276688 code [0x0000014d6e2767a0, 0x0000014d6e276918]
Event: 0.554 Thread 0x0000014d002563b0  635       3       sun.invoke.util.Wrapper::stackSlots (9 bytes)
Event: 0.554 Thread 0x0000014d002563b0 nmethod 635 0x0000014d6e276988 code [0x0000014d6e276aa0, 0x0000014d6e276bb0]
Event: 0.554 Thread 0x0000014d002563b0  636       3       java.lang.invoke.LambdaForm$NamedFunction::returnType (11 bytes)
Event: 0.554 Thread 0x0000014d002563b0 nmethod 636 0x0000014d6e276c88 code [0x0000014d6e276e00, 0x0000014d6e277338]
Event: 0.554 Thread 0x0000014d002563b0  637       3       java.lang.invoke.InvokerBytecodeGenerator::emitImplicitConversion (161 bytes)
Event: 0.555 Thread 0x0000014d002563b0 nmethod 637 0x0000014d6e277408 code [0x0000014d6e2776a0, 0x0000014d6e2784b8]
Event: 0.555 Thread 0x0000014d002563b0  638       3       java.lang.invoke.InvokerBytecodeGenerator::loadInsnOpcode (98 bytes)
Event: 0.556 Thread 0x0000014d002563b0 nmethod 638 0x0000014d6e278588 code [0x0000014d6e278780, 0x0000014d6e279100]
Event: 0.556 Thread 0x0000014d002563b0  642       3       java.lang.invoke.InvokerBytecodeGenerator::emitLoadInsn (21 bytes)
Event: 0.556 Thread 0x0000014d002563b0 nmethod 642 0x0000014d6e279188 code [0x0000014d6e2792c0, 0x0000014d6e279510]
Event: 0.556 Thread 0x0000014d002563b0  639       3       jdk.internal.org.objectweb.asm.SymbolTable::addTypeInternal (85 bytes)
Event: 0.556 Thread 0x0000014d002563b0 nmethod 639 0x0000014d6e279588 code [0x0000014d6e2796e0, 0x0000014d6e279c90]
Event: 0.556 Thread 0x0000014d002563b0  646       3       jdk.internal.org.objectweb.asm.ByteVector::put11 (52 bytes)
Event: 0.556 Thread 0x0000014d002563b0 nmethod 646 0x0000014d6e279d08 code [0x0000014d6e279e40, 0x0000014d6e27a040]
Event: 0.556 Thread 0x0000014d002563b0  645       3       java.lang.invoke.LambdaFormBuffer::ownedCount (7 bytes)
Event: 0.556 Thread 0x0000014d002563b0 nmethod 645 0x0000014d6e27a088 code [0x0000014d6e27a1a0, 0x0000014d6e27a2b0]

GC Heap History (0 events):
No events

Dll operation events (6 events):
Event: 0.023 Loaded shared library C:\Program Files\Java\jdk-23\bin\java.dll
Event: 0.158 Loaded shared library C:\Program Files\Java\jdk-23\bin\jsvml.dll
Event: 0.232 Loaded shared library C:\Program Files\Java\jdk-23\bin\net.dll
Event: 0.236 Loaded shared library C:\Program Files\Java\jdk-23\bin\nio.dll
Event: 0.251 Loaded shared library C:\Program Files\Java\jdk-23\bin\zip.dll
Event: 0.361 Loaded shared library C:\Program Files\Java\jdk-23\bin\jimage.dll

Deoptimization events (4 events):
Event: 0.302 Thread 0x0000014d65a995e0 Uncommon trap: trap_request=0xffffff45 fr.pc=0x0000014d75c965b0 relative=0x0000000000000270
Event: 0.302 Thread 0x0000014d65a995e0 Uncommon trap: reason=unstable_if action=reinterpret pc=0x0000014d75c965b0 method=jdk.internal.util.ArraysSupport.hashCodeOfUnsigned([BIII)I @ 1 c2
Event: 0.302 Thread 0x0000014d65a995e0 DEOPT PACKING pc=0x0000014d75c965b0 sp=0x0000002e690fcba0
Event: 0.303 Thread 0x0000014d65a995e0 DEOPT UNPACKING pc=0x0000014d75754402 sp=0x0000002e690fca60 mode 2

Classes loaded (20 events):
Event: 0.541 Loading class java/util/function/IntConsumer done
Event: 0.541 Loading class java/util/stream/Sink$OfInt done
Event: 0.541 Loading class java/util/stream/Node$Builder$OfInt done
Event: 0.541 Loading class java/util/stream/Nodes$IntArrayNode
Event: 0.541 Loading class java/util/stream/Nodes$IntArrayNode done
Event: 0.542 Loading class java/util/stream/Nodes$IntFixedNodeBuilder done
Event: 0.542 Loading class java/util/stream/ReferencePipeline$4$1
Event: 0.542 Loading class java/util/stream/ReferencePipeline$4$1 done
Event: 0.543 Loading class java/util/TreeSet
Event: 0.544 Loading class java/util/NavigableSet
Event: 0.544 Loading class java/util/SortedSet
Event: 0.544 Loading class java/util/SortedSet done
Event: 0.544 Loading class java/util/NavigableSet done
Event: 0.544 Loading class java/util/TreeSet done
Event: 0.551 Loading class java/util/TreeMap$KeySpliterator
Event: 0.552 Loading class java/util/TreeMap$TreeMapSpliterator
Event: 0.552 Loading class java/util/TreeMap$TreeMapSpliterator done
Event: 0.552 Loading class java/util/TreeMap$KeySpliterator done
Event: 0.554 Loading class java/lang/invoke/BoundMethodHandle$Species_LJ
Event: 0.555 Loading class java/lang/invoke/BoundMethodHandle$Species_LJ done

Classes unloaded (0 events):
No events

Classes redefined (0 events):
No events

Internal exceptions (19 events):
Event: 0.285 Thread 0x0000014d65a995e0 Exception <a 'java/lang/NoSuchMethodError'{0x00000000e30b7bf8}: 'int java.lang.invoke.DirectMethodHandle$Holder.invokeStaticInit(java.lang.Object, java.lang.Object)'> (0x00000000e30b7bf8) 
thrown [s\open\src\hotspot\share\interpreter\linkResolver.cpp, line 796]
Event: 0.314 Thread 0x0000014d65a995e0 Exception <a 'java/lang/NoSuchMethodError'{0x00000000e30daee8}: 'int java.lang.invoke.DirectMethodHandle$Holder.invokeVirtual(java.lang.Object, java.lang.Object, java.lang.Object)'> (0x00000000e30daee8) 
thrown [s\open\src\hotspot\share\interpreter\linkResolver.cpp, line 796]
Event: 0.366 Thread 0x0000014d65a995e0 Exception <a 'java/lang/ClassNotFoundException'{0x00000000e2f72738}: org/springframework/boot/loader/net/protocol/nested/Handler> (0x00000000e2f72738) 
thrown [s\open\src\hotspot\share\classfile\systemDictionary.cpp, line 313]
Event: 0.382 Thread 0x0000014d65a995e0 Exception <a 'java/lang/NoSuchMethodError'{0x00000000e2faab48}: 'int java.lang.invoke.DirectMethodHandle$Holder.invokeSpecial(java.lang.Object, java.lang.Object, java.lang.Object)'> (0x00000000e2faab48) 
thrown [s\open\src\hotspot\share\interpreter\linkResolver.cpp, line 796]
Event: 0.428 Thread 0x0000014d65a995e0 Exception <a 'java/lang/NoSuchMethodError'{0x00000000e2e10008}: 'void java.lang.invoke.DirectMethodHandle$Holder.invokeSpecial(java.lang.Object, java.lang.Object, java.lang.Object)'> (0x00000000e2e10008) 
thrown [s\open\src\hotspot\share\interpreter\linkResolver.cpp, line 796]
Event: 0.440 Thread 0x0000014d65a995e0 Exception <a 'java/lang/NoSuchMethodError'{0x00000000e2e3ffd0}: 'java.lang.Object java.lang.invoke.DirectMethodHandle$Holder.invokeStaticInit(java.lang.Object, java.lang.Object, java.lang.Object, java.lang.Object, java.lang.Object, java.lang.Object, java.lang.Object)'> (0x00000000e2e3ffd0) 
thrown [s\open\src\hotspot\share\interpreter\linkResolver.cpp, line 796]
Event: 0.444 Thread 0x0000014d65a995e0 Exception <a 'java/lang/NoSuchMethodError'{0x00000000e2e95f48}: 'int java.lang.invoke.DirectMethodHandle$Holder.invokeVirtual(java.lang.Object, java.lang.Object)'> (0x00000000e2e95f48) 
thrown [s\open\src\hotspot\share\interpreter\linkResolver.cpp, line 796]
Event: 0.445 Thread 0x0000014d65a995e0 Exception <a 'java/lang/NoSuchMethodError'{0x00000000e2e9a490}: 'int java.lang.invoke.DirectMethodHandle$Holder.invokeStaticInit(java.lang.Object, java.lang.Object, java.lang.Object)'> (0x00000000e2e9a490) 
thrown [s\open\src\hotspot\share\interpreter\linkResolver.cpp, line 796]
Event: 0.446 Thread 0x0000014d65a995e0 Exception <a 'java/lang/NoSuchMethodError'{0x00000000e2e9db00}: 'int java.lang.invoke.DirectMethodHandle$Holder.invokeStaticInit(java.lang.Object, int, int)'> (0x00000000e2e9db00) 
thrown [s\open\src\hotspot\share\interpreter\linkResolver.cpp, line 796]
Event: 0.447 Thread 0x0000014d65a995e0 Exception <a 'java/lang/NoSuchMethodError'{0x00000000e2ea5120}: 'int java.lang.invoke.DirectMethodHandle$Holder.invokeStaticInit(java.lang.Object, long, long)'> (0x00000000e2ea5120) 
thrown [s\open\src\hotspot\share\interpreter\linkResolver.cpp, line 796]
Event: 0.448 Thread 0x0000014d65a995e0 Exception <a 'java/lang/NoSuchMethodError'{0x00000000e2eabbc8}: 'int java.lang.invoke.DirectMethodHandle$Holder.invokeStaticInit(java.lang.Object, float, float)'> (0x00000000e2eabbc8) 
thrown [s\open\src\hotspot\share\interpreter\linkResolver.cpp, line 796]
Event: 0.450 Thread 0x0000014d65a995e0 Exception <a 'java/lang/NoSuchMethodError'{0x00000000e2eb2758}: 'int java.lang.invoke.DirectMethodHandle$Holder.invokeStaticInit(java.lang.Object, double, double)'> (0x00000000e2eb2758) 
thrown [s\open\src\hotspot\share\interpreter\linkResolver.cpp, line 796]
Event: 0.451 Thread 0x0000014d65a995e0 Exception <a 'java/lang/NoSuchMethodError'{0x00000000e2eb7390}: 'int java.lang.invoke.DirectMethodHandle$Holder.invokeStatic(java.lang.Object, long)'> (0x00000000e2eb7390) 
thrown [s\open\src\hotspot\share\interpreter\linkResolver.cpp, line 796]
Event: 0.460 Thread 0x0000014d65a995e0 Exception <a 'java/lang/NoSuchMethodError'{0x00000000e2ed9ef8}: 'int java.lang.invoke.Invokers$Holder.linkToTargetMethod(java.lang.Object, java.lang.Object)'> (0x00000000e2ed9ef8) 
thrown [s\open\src\hotspot\share\interpreter\linkResolver.cpp, line 796]
Event: 0.502 Thread 0x0000014d65a995e0 Exception <a 'java/lang/NoSuchMethodError'{0x00000000e2d62b18}: 'java.lang.Object java.lang.invoke.DelegatingMethodHandle$Holder.delegate(java.lang.Object, int, java.lang.Object, java.lang.Object)'> (0x00000000e2d62b18) 
thrown [s\open\src\hotspot\share\interpreter\linkResolver.cpp, line 796]
Event: 0.507 Thread 0x0000014d65a995e0 Exception <a 'java/lang/NoSuchMethodError'{0x00000000e2d75830}: 'int java.lang.invoke.Invokers$Holder.linkToTargetMethod(java.lang.Object, java.lang.Object, java.lang.Object)'> (0x00000000e2d75830) 
thrown [s\open\src\hotspot\share\interpreter\linkResolver.cpp, line 796]
Event: 0.513 Thread 0x0000014d65a995e0 Exception <a 'java/lang/NoSuchMethodError'{0x00000000e2d99d00}: 'void java.lang.invoke.DirectMethodHandle$Holder.invokeSpecial(java.lang.Object, java.lang.Object, java.lang.Object, java.lang.Object, java.lang.Object)'> (0x00000000e2d99d00) 
thrown [s\open\src\hotspot\share\interpreter\linkResolver.cpp, line 796]
Event: 0.524 Thread 0x0000014d65a995e0 Exception <a 'java/lang/NoSuchMethodError'{0x00000000e2db5680}: 'void java.lang.invoke.DirectMethodHandle$Holder.invokeStatic(java.lang.Object, java.lang.Object)'> (0x00000000e2db5680) 
thrown [s\open\src\hotspot\share\interpreter\linkResolver.cpp, line 796]
Event: 0.542 Thread 0x0000014d65a995e0 Exception <a 'java/lang/NoSuchMethodError'{0x00000000e2c1bda0}: 'java.lang.Object java.lang.invoke.DirectMethodHandle$Holder.invokeStaticInit(java.lang.Object, int)'> (0x00000000e2c1bda0) 
thrown [s\open\src\hotspot\share\interpreter\linkResolver.cpp, line 796]

VM Operations (2 events):
Event: 0.255 Executing VM operation: HandshakeAllThreads (Deoptimize)
Event: 0.255 Executing VM operation: HandshakeAllThreads (Deoptimize) done

Memory protections (0 events):
No events

Nmethod flushes (0 events):
No events

Events (12 events):
Event: 0.036 Thread 0x0000014d65a995e0 Thread added: 0x0000014d65a995e0
Event: 0.153 Thread 0x0000014d65a995e0 Thread added: 0x0000014d00218070
Event: 0.153 Thread 0x0000014d65a995e0 Thread added: 0x0000014d00218ad0
Event: 0.156 Thread 0x0000014d65a995e0 Thread added: 0x0000014d00225850
Event: 0.156 Thread 0x0000014d65a995e0 Thread added: 0x0000014d002262b0
Event: 0.156 Thread 0x0000014d65a995e0 Thread added: 0x0000014d002236c0
Event: 0.156 Thread 0x0000014d65a995e0 Thread added: 0x0000014d00250e80
Event: 0.156 Thread 0x0000014d65a995e0 Thread added: 0x0000014d002538f0
Event: 0.156 Thread 0x0000014d65a995e0 Thread added: 0x0000014d002563b0
Event: 0.211 Thread 0x0000014d65a995e0 Thread added: 0x0000014d003f7020
Event: 0.220 Thread 0x0000014d65a995e0 Thread added: 0x0000014d003fd2d0
Event: 0.425 Thread 0x0000014d65a995e0 Thread added: 0x0000014d0053d9e0


Dynamic libraries:
0x00007ff7a1470000 - 0x00007ff7a1480000 	C:\Program Files\Java\jdk-23\bin\java.exe
0x00007ffdbfd20000 - 0x00007ffdbff10000 	C:\Windows\SYSTEM32\ntdll.dll
0x00007ffdbf8e0000 - 0x00007ffdbf992000 	C:\Windows\System32\KERNEL32.DLL
0x00007ffdbda00000 - 0x00007ffdbdca3000 	C:\Windows\System32\KERNELBASE.dll
0x00007ffdbd8b0000 - 0x00007ffdbd9aa000 	C:\Windows\System32\ucrtbase.dll
0x00007ffdb5240000 - 0x00007ffdb525b000 	C:\Program Files\Java\jdk-23\bin\VCRUNTIME140.dll
0x00007ffda7e70000 - 0x00007ffda7e87000 	C:\Program Files\Java\jdk-23\bin\jli.dll
0x00007ffdbe110000 - 0x00007ffdbe2a3000 	C:\Windows\System32\USER32.dll
0x00007ffda9640000 - 0x00007ffda98c5000 	C:\Windows\WinSxS\amd64_microsoft.windows.common-controls_6595b64144ccf1df_6.0.18362.175_none_e6c3ab1f131014c9\COMCTL32.dll
0x00007ffdbddb0000 - 0x00007ffdbddd1000 	C:\Windows\System32\win32u.dll
0x00007ffdbe070000 - 0x00007ffdbe10e000 	C:\Windows\System32\msvcrt.dll
0x00007ffdbf6a0000 - 0x00007ffdbf6c6000 	C:\Windows\System32\GDI32.dll
0x00007ffdbf9a0000 - 0x00007ffdbfcd6000 	C:\Windows\System32\combase.dll
0x00007ffdbd680000 - 0x00007ffdbd814000 	C:\Windows\System32\gdi32full.dll
0x00007ffdbf6f0000 - 0x00007ffdbf810000 	C:\Windows\System32\RPCRT4.dll
0x00007ffdbdd10000 - 0x00007ffdbddae000 	C:\Windows\System32\msvcp_win.dll
0x00007ffdbd820000 - 0x00007ffdbd8a1000 	C:\Windows\System32\bcryptPrimitives.dll
0x00007ffdbf530000 - 0x00007ffdbf55e000 	C:\Windows\System32\IMM32.DLL
0x00007ffda7e60000 - 0x00007ffda7e6c000 	C:\Program Files\Java\jdk-23\bin\vcruntime140_1.dll
0x00007ffd952c0000 - 0x00007ffd9534e000 	C:\Program Files\Java\jdk-23\bin\msvcp140.dll
0x00007ffd7c060000 - 0x00007ffd7cdaf000 	C:\Program Files\Java\jdk-23\bin\server\jvm.dll
0x00007ffdbe3b0000 - 0x00007ffdbe453000 	C:\Windows\System32\ADVAPI32.dll
0x00007ffdbed00000 - 0x00007ffdbed97000 	C:\Windows\System32\sechost.dll
0x00007ffdbcc20000 - 0x00007ffdbcc6a000 	C:\Windows\System32\POWRPROF.dll
0x00007ffdbcbf0000 - 0x00007ffdbcc00000 	C:\Windows\System32\UMPDC.dll
0x00007ffdbf560000 - 0x00007ffdbf5cf000 	C:\Windows\System32\WS2_32.dll
0x00007ffdba840000 - 0x00007ffdba864000 	C:\Windows\SYSTEM32\WINMM.dll
0x00007ffdb2a80000 - 0x00007ffdb2a8a000 	C:\Windows\SYSTEM32\VERSION.dll
0x00007ffdba730000 - 0x00007ffdba75d000 	C:\Windows\SYSTEM32\winmmbase.dll
0x00007ffdbd9b0000 - 0x00007ffdbd9fa000 	C:\Windows\System32\cfgmgr32.dll
0x00007ffdbcc00000 - 0x00007ffdbcc11000 	C:\Windows\System32\kernel.appcore.dll
0x00007ffda7e50000 - 0x00007ffda7e5a000 	C:\Program Files\Java\jdk-23\bin\jimage.dll
0x00007ffdaae80000 - 0x00007ffdab074000 	C:\Windows\SYSTEM32\DBGHELP.DLL
0x00007ffdaa350000 - 0x00007ffdaa37a000 	C:\Windows\SYSTEM32\dbgcore.DLL
0x00007ffda7450000 - 0x00007ffda746e000 	C:\Program Files\Java\jdk-23\bin\java.dll
0x00007ffdbdf10000 - 0x00007ffdbe066000 	C:\Windows\System32\ole32.dll
0x00007ffdbee50000 - 0x00007ffdbf530000 	C:\Windows\System32\SHELL32.dll
0x00007ffdbeda0000 - 0x00007ffdbee49000 	C:\Windows\System32\shcore.dll
0x00007ffdbccb0000 - 0x00007ffdbd42b000 	C:\Windows\System32\windows.storage.dll
0x00007ffdbcc70000 - 0x00007ffdbcc8f000 	C:\Windows\System32\profapi.dll
0x00007ffdbf640000 - 0x00007ffdbf692000 	C:\Windows\System32\shlwapi.dll
0x00007ffdbd580000 - 0x00007ffdbd597000 	C:\Windows\System32\cryptsp.dll
0x00007ffd8ebf0000 - 0x00007ffd8ecc7000 	C:\Program Files\Java\jdk-23\bin\jsvml.dll
0x00007ffda7440000 - 0x00007ffda7450000 	C:\Program Files\Java\jdk-23\bin\net.dll
0x00007ffdbc460000 - 0x00007ffdbc4c7000 	C:\Windows\system32\mswsock.dll
0x00007ffda4010000 - 0x00007ffda4026000 	C:\Program Files\Java\jdk-23\bin\nio.dll
0x00007ffda3ff0000 - 0x00007ffda4007000 	C:\Program Files\Java\jdk-23\bin\zip.dll

dbghelp: loaded successfully - version: 4.0.5 - missing functions: none
symbol engine: initialized successfully - sym options: 0x614 - pdb path: .;C:\Program Files\Java\jdk-23\bin;C:\Windows\SYSTEM32;C:\Windows\WinSxS\amd64_microsoft.windows.common-controls_6595b64144ccf1df_6.0.18362.175_none_e6c3ab1f131014c9;C:\Program Files\Java\jdk-23\bin\server

VM Arguments:
java_command: target\bilhetes-0.0.1-SNAPSHOT.jar
java_class_path (initial): target\bilhetes-0.0.1-SNAPSHOT.jar
Launcher Type: SUN_STANDARD

[Global flags]
     intx CICompilerCount                          = 3                                         {product} {ergonomic}
     uint ConcGCThreads                            = 1                                         {product} {ergonomic}
     uint G1ConcRefinementThreads                  = 4                                         {product} {ergonomic}
   size_t G1HeapRegionSize                         = 1048576                                   {product} {ergonomic}
   size_t InitialHeapSize                          = 33554432                                  {product} {ergonomic}
   size_t MarkStackSize                            = 4194304                                   {product} {ergonomic}
   size_t MarkStackSizeMax                         = 536870912                                 {product} {ergonomic}
   size_t MaxHeapSize                              = 517996544                                 {product} {ergonomic}
   size_t MaxNewSize                               = 310378496                                 {product} {ergonomic}
   size_t MinHeapDeltaBytes                        = 1048576                                   {product} {ergonomic}
   size_t MinHeapSize                              = 8388608                                   {product} {ergonomic}
    uintx NonNMethodCodeHeapSize                   = 5832704                                {pd product} {ergonomic}
    uintx NonProfiledCodeHeapSize                  = 122945536                              {pd product} {ergonomic}
    uintx ProfiledCodeHeapSize                     = 122880000                              {pd product} {ergonomic}
    uintx ReservedCodeCacheSize                    = 251658240                              {pd product} {ergonomic}
     bool SegmentedCodeCache                       = true                                      {product} {ergonomic}
   size_t SoftMaxHeapSize                          = 517996544                              {manageable} {ergonomic}
     bool UseCompressedOops                        = true                           {product lp64_product} {ergonomic}
     bool UseG1GC                                  = true                                      {product} {ergonomic}
     bool UseLargePagesIndividualAllocation        = false                                  {pd product} {ergonomic}

Logging:
Log output configuration:
 #0: stdout all=warning uptime,level,tags foldmultilines=false
 #1: stderr all=off uptime,level,tags foldmultilines=false

Environment Variables:
PATH=C:\Program Files\Common Files\Oracle\Java\javapath;C:\Windows\system32;C:\Windows;C:\Windows\System32\Wbem;C:\Windows\System32\WindowsPowerShell\v1.0\;C:\Windows\System32\OpenSSH\;C:\Users\user\AppData\Local\Programs\Python\Launcher\;C:\Users\user\AppData\Local\Microsoft\WindowsApps;C:\Users\user\AppData\Local\Programs\Microsoft VS Code\bin
USERNAME=user
OS=Windows_NT
PROCESSOR_IDENTIFIER=Intel64 Family 6 Model 61 Stepping 4, GenuineIntel
TMP=C:\Users\user\AppData\Local\Temp
TEMP=C:\Users\user\AppData\Local\Temp




Periodic native trim disabled

---------------  S Y S T E M  ---------------

OS:
 Windows 10 , 64 bit Build 18362 (10.0.18362.86)
OS uptime: 0 days 2:39 hours

CPU: total 4 (initial active 4) (2 cores per cpu, 2 threads per core) family 6 model 61 stepping 4 microcode 0x2b, cx8, cmov, fxsr, ht, mmx, 3dnowpref, sse, sse2, sse3, ssse3, sse4.1, sse4.2, popcnt, lzcnt, tsc, tscinvbit, avx, avx2, aes, erms, clmul, bmi1, bmi2, adx, fma, vzeroupper, clflush, rdtscp, f16c
Processor Information for the first 4 processors :
  Max Mhz: 2401, Current Mhz: 2400, Mhz Limit: 2376

Memory: 4k page, system-wide physical 1975M (239M free)
TotalPageFile size 8119M (AvailPageFile size 0M)
current process WorkingSet (physical memory assigned to process): 42M, peak: 42M
current process commit charge ("private bytes"): 103M, peak: 103M

vm_info: Java HotSpot(TM) 64-Bit Server VM (23.0.1+11-39) for windows-amd64 JRE (23.0.1+11-39), built on 2024-09-30T07:20:43Z with MS VC++ 17.6 (VS2022)

END.
